2026-05-02 11:16:13,550 - [CLIENT] - İstemci başlatılıyor...
2026-05-02 11:16:13,588 - [CLIENT] - Sunucuya bağlanıldı: 127.0.0.1:5001
2026-05-02 11:16:13,588 - [CLIENT] - Mesaj dinleme thread'i başlatıldı.
2026-05-02 11:17:33,663 - [CLIENT] - Sunucudan boş mesaj alındı, bağlantı kapanıyor.
2026-05-02 11:17:33,663 - [CLIENT] - Sunucu bağlantısı kapatıldı.
2026-05-02 11:17:48,695 - [CLIENT] - İstemci başlatılıyor...
2026-05-02 11:17:48,738 - [CLIENT] - Sunucuya bağlanılamadı. Sunucunun çalıştığından emin olun.
2026-05-02 11:18:36,975 - [CLIENT] - İstemci başlatılıyor...
2026-05-02 11:18:37,018 - [CLIENT] - Sunucuya bağlanıldı: 127.0.0.1:5001
2026-05-02 11:18:37,018 - [CLIENT] - Mesaj dinleme thread'i başlatıldı.
2026-05-02 11:18:45,978 - [CLIENT] - İstemci başlatılıyor...
2026-05-02 11:18:46,019 - [CLIENT] - Sunucuya bağlanılamadı. Sunucunun çalıştığından emin olun.
2026-05-02 11:19:27,578 - [CLIENT] - İstemci başlatılıyor...
2026-05-02 11:19:27,618 - [CLIENT] - Sunucuya bağlanıldı: 127.0.0.1:5001
2026-05-02 11:19:27,618 - [CLIENT] - Mesaj dinleme thread'i başlatıldı.
2026-05-02 11:19:41,668 - [CLIENT] - İstemci başlatılıyor...
2026-05-02 11:19:41,714 - [CLIENT] - Sunucuya bağlanılamadı. Sunucunun çalıştığından emin olun.
2026-05-02 11:19:52,086 - [CLIENT] - İstemci başlatılıyor...
2026-05-02 11:19:52,121 - [CLIENT] - Sunucuya bağlanıldı: 127.0.0.1:5001
2026-05-02 11:19:52,121 - [CLIENT] - Mesaj dinleme thread'i başlatıldı.
2026-05-02 11:20:00,133 - [CLIENT] - İstemci başlatılıyor...
2026-05-02 11:20:00,182 - [CLIENT] - Sunucuya bağlanılamadı. Sunucunun çalıştığından emin olun.
2026-05-02 11:21:19,153 - [CLIENT] - İstemci başlatılıyor...
2026-05-02 11:21:19,197 - [CLIENT] - Sunucuya bağlanılamadı. Sunucunun çalıştığından emin olun.
2026-05-02 11:21:39,856 - [CLIENT] - İstemci başlatılıyor...
2026-05-02 11:21:39,898 - [CLIENT] - Sunucuya bağlanıldı: 127.0.0.1:5001
2026-05-02 11:21:39,898 - [CLIENT] - Mesaj dinleme thread'i başlatıldı.
2026-05-02 11:21:44,813 - [CLIENT] - İstemci başlatılıyor...
2026-05-02 11:21:44,846 - [CLIENT] - Sunucuya bağlanıldı: 127.0.0.1:5001
2026-05-02 11:21:44,846 - [CLIENT] - Mesaj dinleme thread'i başlatıldı.
2026-05-02 11:22:24,593 - [CLIENT] - Sunucudan boş mesaj alındı, bağlantı kapanıyor.
2026-05-02 11:22:24,593 - [CLIENT] - Sunucudan boş mesaj alındı, bağlantı kapanıyor.
2026-05-02 11:22:24,593 - [CLIENT] - Sunucu bağlantısı kapatıldı.
2026-05-02 11:22:24,593 - [CLIENT] - Sunucu bağlantısı kapatıldı.
2026-05-02 12:50:24,051 - [CLIENT] - İstemci başlatılıyor...
2026-05-02 12:50:24,088 - [CLIENT] - Sunucuya bağlanıldı: 127.0.0.1:5001
2026-05-02 12:50:24,088 - [CLIENT] - Mesaj dinleme thread'i başlatıldı.
2026-05-02 12:50:47,262 - [CLIENT] - İstemci başlatılıyor...
2026-05-02 12:50:47,286 - [CLIENT] - Sunucuya bağlanıldı: 127.0.0.1:5001
2026-05-02 12:50:47,286 - [CLIENT] - Mesaj dinleme thread'i başlatıldı.
2026-05-02 12:51:08,374 - [CLIENT] - Sunucudan boş mesaj alındı, bağlantı kapanıyor.
2026-05-02 12:51:08,374 - [CLIENT] - Sunucudan boş mesaj alındı, bağlantı kapanıyor.
2026-05-02 12:51:08,374 - [CLIENT] - Sunucu bağlantısı kapatıldı.
2026-05-02 12:51:08,374 - [CLIENT] - Sunucu bağlantısı kapatıldı.
2026-05-02 16:42:02,885 - [CLIENT] - İstemci başlatılıyor...
2026-05-02 16:42:02,885 - [CLIENT] - İstemci başlatılıyor...
2026-05-02 16:42:02,897 - [CLIENT] - Sunucuya bağlanılamadı. Sunucunun çalıştığından emin olun.
2026-05-02 16:42:02,897 - [CLIENT] - Sunucuya bağlanılamadı. Sunucunun çalıştığından emin olun.
2026-05-02 16:42:24,835 - [CLIENT] - İstemci başlatılıyor...
2026-05-02 16:42:24,835 - [CLIENT] - İstemci başlatılıyor...
2026-05-02 16:42:24,848 - [CLIENT] - Sunucuya bağlanılamadı. Sunucunun çalıştığından emin olun.
2026-05-02 16:42:24,848 - [CLIENT] - Sunucuya bağlanılamadı. Sunucunun çalıştığından emin olun.
2026-05-02 16:42:45,648 - [CLIENT] - İstemci başlatılıyor...
2026-05-02 16:42:45,648 - [CLIENT] - İstemci başlatılıyor...
2026-05-02 16:42:45,664 - [CLIENT] - Sunucuya bağlanılamadı. Sunucunun çalıştığından emin olun.
2026-05-02 16:42:45,664 - [CLIENT] - Sunucuya bağlanılamadı. Sunucunun çalıştığından emin olun.
2026-05-02 16:43:55,118 - [CLIENT] - İstemci başlatılıyor...
2026-05-02 16:43:55,119 - [CLIENT] - İstemci başlatılıyor...
2026-05-02 16:43:55,129 - [CLIENT] - Sunucuya bağlanılamadı. Sunucunun çalıştığından emin olun.
2026-05-02 16:43:55,129 - [CLIENT] - Sunucuya bağlanılamadı. Sunucunun çalıştığından emin olun.
2026-05-02 17:00:17,194 - [CLIENT] - İstemci başlatılıyor...
2026-05-02 17:00:17,194 - [CLIENT] - İstemci başlatılıyor...
2026-05-02 17:00:17,206 - [CLIENT] - Sunucuya bağlanılamadı. Sunucunun çalıştığından emin olun.
2026-05-02 17:00:17,206 - [CLIENT] - Sunucuya bağlanılamadı. Sunucunun çalıştığından emin olun.
2026-05-02 17:01:23,090 - [CLIENT] - İstemci başlatılıyor...
2026-05-02 17:01:23,090 - [CLIENT] - İstemci başlatılıyor...
2026-05-02 17:01:23,105 - [CLIENT] - Sunucuya bağlanılamadı. Sunucunun çalıştığından emin olun.
2026-05-02 17:01:23,105 - [CLIENT] - Sunucuya bağlanılamadı. Sunucunun çalıştığından emin olun.
2026-05-02 17:02:32,296 - [CLIENT] - İstemci başlatılıyor...
2026-05-02 17:02:32,296 - [CLIENT] - İstemci başlatılıyor...
2026-05-02 17:02:32,311 - [CLIENT] - Sunucuya bağlanılamadı. Sunucunun çalıştığından emin olun.
2026-05-02 17:02:32,311 - [CLIENT] - Sunucuya bağlanılamadı. Sunucunun çalıştığından emin olun.
2026-05-02 17:02:53,333 - [CLIENT] - İstemci başlatılıyor...
2026-05-02 17:02:53,333 - [CLIENT] - İstemci başlatılıyor...
2026-05-02 17:02:53,334 - [CLIENT] - Sunucuya bağlanılamadı. Sunucunun çalıştığından emin olun.
2026-05-02 17:02:53,334 - [CLIENT] - Sunucuya bağlanılamadı. Sunucunun çalıştığından emin olun.
2026-05-02 17:03:14,096 - [CLIENT] - İstemci başlatılıyor...
2026-05-02 17:03:14,096 - [CLIENT] - İstemci başlatılıyor...
2026-05-02 17:03:14,109 - [CLIENT] - Sunucuya bağlanılamadı. Sunucunun çalıştığından emin olun.
2026-05-02 17:03:14,109 - [CLIENT] - Sunucuya bağlanılamadı. Sunucunun çalıştığından emin olun.
2026-05-02 17:03:55,979 - [CLIENT] - İstemci başlatılıyor...
2026-05-02 17:03:55,980 - [CLIENT] - İstemci başlatılıyor...
2026-05-02 17:03:55,991 - [CLIENT] - Sunucuya bağlanılamadı. Sunucunun çalıştığından emin olun.
2026-05-02 17:03:55,993 - [CLIENT] - Sunucuya bağlanılamadı. Sunucunun çalıştığından emin olun.
2026-05-02 17:04:07,191 - [CLIENT] - İstemci başlatılıyor...
2026-05-02 17:04:07,191 - [CLIENT] - İstemci başlatılıyor...
2026-05-02 17:04:53,923 - [CLIENT] - Sunucuya bağlanılamadı. Sunucunun çalıştığından emin olun.
2026-05-02 17:04:53,926 - [CLIENT] - Sunucuya bağlanılamadı. Sunucunun çalıştığından emin olun.
2026-05-02 17:40:36,315 - [CLIENT] - İstemci başlatılıyor...
2026-05-02 17:40:36,333 - [CLIENT] - Sunucuya bağlanıldı: 127.0.0.1:5001
2026-05-02 17:40:36,334 - [CLIENT] - Mesaj dinleme thread'i başlatıldı.
2026-05-02 17:40:50,206 - [CLIENT] - İstemci başlatılıyor...
2026-05-02 17:40:50,222 - [CLIENT] - Sunucuya bağlanıldı: 127.0.0.1:5001
2026-05-02 17:40:50,222 - [CLIENT] - Mesaj dinleme thread'i başlatıldı.
2026-05-02 17:40:50,222 - [CLIENT] - Sunucudan mesaj alındı: {'type': 'CONN_INFO', 'opponent_name': 'ceyda', 'opponent_char': 'c7.png'}
2026-05-02 17:40:50,223 - [CLIENT] - Rakip bilgileri alındı: None
2026-05-02 17:40:50,223 - [CLIENT] - Sunucudan mesaj alındı: {'type': 'GAME_START'}
2026-05-02 17:40:50,223 - [CLIENT] - Sunucudan mesaj alındı: {'type': 'CONN_INFO', 'opponent_name': 'hande', 'opponent_char': 'c8.png'}
2026-05-02 17:40:50,223 - [CLIENT] - Rakip bilgileri alındı: None
2026-05-02 17:40:50,223 - [CLIENT] - Sunucudan mesaj alındı: {'type': 'GAME_START'}
2026-05-02 17:45:51,991 - [CLIENT] - İstemci başlatılıyor...
2026-05-02 17:45:52,004 - [CLIENT] - Sunucuya bağlanıldı: 127.0.0.1:5001
2026-05-02 17:45:52,005 - [CLIENT] - Mesaj dinleme thread'i başlatıldı.
2026-05-02 17:45:58,286 - [CLIENT] - İstemci başlatılıyor...
2026-05-02 17:45:58,300 - [CLIENT] - Sunucuya bağlanıldı: 127.0.0.1:5001
2026-05-02 17:45:58,300 - [CLIENT] - Mesaj dinleme thread'i başlatıldı.
2026-05-02 17:45:58,300 - [CLIENT] - Sunucudan mesaj alındı: {'type': 'CONN_INFO', 'opponent_name': 'ceyda', 'opponent_char': 'c4.png'}
2026-05-02 17:45:58,300 - [CLIENT] - Sunucudan mesaj alındı: {'type': 'CONN_INFO', 'opponent_name': 'hande', 'opponent_char': 'c11.png'}
2026-05-02 17:45:58,340 - [CLIENT] - Rakip bilgileri alındı: ceyda
2026-05-02 17:45:58,340 - [CLIENT] - Sunucudan mesaj alındı: {'type': 'GAME_START'}
2026-05-02 17:45:58,341 - [CLIENT] - Rakip bilgileri alındı: hande
2026-05-02 17:45:58,341 - [CLIENT] - Sunucudan mesaj alındı: {'type': 'GAME_START'}
2026-05-02 17:54:25,363 - [CLIENT] - İstemci başlatılıyor...
2026-05-02 17:54:25,378 - [CLIENT] - Sunucuya bağlanıldı: 127.0.0.1:5001
2026-05-02 17:54:25,378 - [CLIENT] - Mesaj dinleme thread'i başlatıldı.
2026-05-02 17:54:31,154 - [CLIENT] - İstemci başlatılıyor...
2026-05-02 17:54:31,172 - [CLIENT] - Sunucuya bağlanıldı: 127.0.0.1:5001
2026-05-02 17:54:31,172 - [CLIENT] - Mesaj dinleme thread'i başlatıldı.
2026-05-02 17:54:31,172 - [CLIENT] - Sunucudan mesaj alındı: {'type': 'CONN_INFO', 'opponent_name': 'c', 'opponent_char': 'c4.png'}
2026-05-02 17:54:31,172 - [CLIENT] - Sunucudan mesaj alındı: {'type': 'CONN_INFO', 'opponent_name': 'h', 'opponent_char': 'c7.png'}
2026-05-02 17:54:31,211 - [CLIENT] - Rakip bilgileri alındı: c
2026-05-02 17:54:31,211 - [CLIENT] - Sunucudan boş mesaj alındı, bağlantı kapanıyor.
2026-05-02 17:54:31,211 - [CLIENT] - Sunucu bağlantısı kapatıldı.
2026-05-02 17:54:31,213 - [CLIENT] - Rakip bilgileri alındı: h
2026-05-02 17:54:31,213 - [CLIENT] - Sunucudan mesaj alındı: {'type': 'GAME_START'}
2026-05-02 18:00:01,518 - [CLIENT] - İstemci başlatılıyor...
2026-05-02 18:00:01,531 - [CLIENT] - Sunucuya bağlanıldı: 127.0.0.1:5001
2026-05-02 18:00:01,532 - [CLIENT] - Mesaj dinleme thread'i başlatıldı.
2026-05-02 18:00:06,305 - [CLIENT] - İstemci başlatılıyor...
2026-05-02 18:00:06,324 - [CLIENT] - Sunucuya bağlanıldı: 127.0.0.1:5001
2026-05-02 18:00:06,324 - [CLIENT] - Mesaj dinleme thread'i başlatıldı.
2026-05-02 18:00:06,325 - [CLIENT] - Sunucudan mesaj alındı: {'type': 'CONN_INFO', 'opponent_name': 'c', 'opponent_char': 'c2.png'}
2026-05-02 18:00:06,325 - [CLIENT] - Sunucudan mesaj alındı: {'type': 'CONN_INFO', 'opponent_name': 'h', 'opponent_char': 'c6.png'}
2026-05-02 18:00:06,357 - [CLIENT] - Rakip bilgileri alındı: c
2026-05-02 18:00:06,357 - [CLIENT] - Sunucudan mesaj alındı: {'type': 'GAME_START'}
2026-05-02 18:00:06,364 - [CLIENT] - Rakip bilgileri alındı: h
2026-05-02 18:00:06,364 - [CLIENT] - Sunucudan mesaj alındı: {'type': 'GAME_START'}
2026-05-02 18:12:29,522 - [CLIENT] - İstemci başlatılıyor...
2026-05-02 18:12:29,538 - [CLIENT] - Sunucuya bağlanıldı: 127.0.0.1:5001
2026-05-02 18:12:29,538 - [CLIENT] - Mesaj dinleme thread'i başlatıldı.
2026-05-02 18:12:35,401 - [CLIENT] - İstemci başlatılıyor...
2026-05-02 18:12:35,414 - [CLIENT] - Sunucuya bağlanıldı: 127.0.0.1:5001
2026-05-02 18:12:35,415 - [CLIENT] - Mesaj dinleme thread'i başlatıldı.
2026-05-02 18:12:35,416 - [CLIENT] - Sunucudan mesaj alındı: {'type': 'CONN_INFO', 'opponent_name': 'c', 'opponent_char': 'c5.png'}
2026-05-02 18:12:35,416 - [CLIENT] - Sunucudan mesaj alındı: {'type': 'CONN_INFO', 'opponent_name': 'h', 'opponent_char': 'c2.png'}
2026-05-02 18:12:35,452 - [CLIENT] - Rakip bilgileri alındı: h
2026-05-02 18:12:35,452 - [CLIENT] - Sunucudan mesaj alındı: {'type': 'GAME_START'}
2026-05-02 18:12:35,452 - [CLIENT] - Sunucudan boş mesaj alındı, bağlantı kapanıyor.
2026-05-02 18:12:35,456 - [CLIENT] - Rakip bilgileri alındı: c
2026-05-02 18:12:35,456 - [CLIENT] - Sunucudan mesaj alındı: {'type': 'GAME_START'}
2026-05-02 18:12:35,456 - [CLIENT] - Sunucu bağlantısı kapatıldı.
2026-05-02 18:12:35,457 - [CLIENT] - Sunucudan boş mesaj alındı, bağlantı kapanıyor.
2026-05-02 18:12:35,457 - [CLIENT] - Sunucu bağlantısı kapatıldı.
2026-05-02 18:16:33,818 - [CLIENT] - İstemci başlatılıyor...
2026-05-02 18:16:33,830 - [CLIENT] - Sunucuya bağlanıldı: 127.0.0.1:5001
2026-05-02 18:16:33,830 - [CLIENT] - Mesaj dinleme thread'i başlatıldı.
2026-05-02 18:16:39,970 - [CLIENT] - İstemci başlatılıyor...
2026-05-02 18:16:39,984 - [CLIENT] - Sunucuya bağlanıldı: 127.0.0.1:5001
2026-05-02 18:16:39,984 - [CLIENT] - Mesaj dinleme thread'i başlatıldı.
2026-05-02 18:16:39,985 - [CLIENT] - Sunucudan mesaj alındı: {'type': 'CONN_INFO', 'opponent_name': 'c', 'opponent_char': 'c10.png'}
2026-05-02 18:16:39,985 - [CLIENT] - Sunucudan mesaj alındı: {'type': 'CONN_INFO', 'opponent_name': 'h', 'opponent_char': 'c5.png'}
2026-05-02 18:16:40,024 - [CLIENT] - Rakip bilgileri alındı: c
2026-05-02 18:16:40,024 - [CLIENT] - Sunucudan mesaj alındı: {'type': 'GAME_START'}
2026-05-02 18:16:40,024 - [CLIENT] - Sunucudan boş mesaj alındı, bağlantı kapanıyor.
2026-05-02 18:16:40,024 - [CLIENT] - Sunucu bağlantısı kapatıldı.
2026-05-02 18:16:40,025 - [CLIENT] - Rakip bilgileri alındı: h
2026-05-02 18:16:40,026 - [CLIENT] - Sunucudan mesaj alındı: {'type': 'GAME_START'}
2026-05-02 18:16:40,030 - [CLIENT] - Sunucudan boş mesaj alındı, bağlantı kapanıyor.
2026-05-02 18:16:40,030 - [CLIENT] - Sunucu bağlantısı kapatıldı.
