2026-05-02 11:09:59,229 - [SERVER] - Risk Sunucusu 5001 portunda hazır.
2026-05-02 11:09:59,229 - [SERVER] - Oyuncuların bağlanması bekleniyor...
2026-05-02 11:13:39,529 - [SERVER] - Risk Sunucusu 5001 portunda hazır.
2026-05-02 11:13:39,529 - [SERVER] - Oyuncuların bağlanması bekleniyor...
2026-05-02 11:14:15,487 - [SERVER] - Risk Sunucusu 5001 portunda hazır.
2026-05-02 11:14:15,487 - [SERVER] - Oyuncuların bağlanması bekleniyor...
2026-05-02 11:14:34,779 - [SERVER] - Risk Sunucusu 5001 portunda hazır.
2026-05-02 11:14:34,779 - [SERVER] - Oyuncuların bağlanması bekleniyor...
2026-05-02 11:16:10,075 - [SERVER] - Risk Sunucusu 5001 portunda hazır.
2026-05-02 11:16:10,075 - [SERVER] - Oyuncuların bağlanması bekleniyor...
2026-05-02 11:16:13,588 - [SERVER] - Oyuncu 1 bağlandı: ('127.0.0.1', 63686)
2026-05-02 11:16:13,588 - [SERVER] - Oyuncu 1 dinleniyor...
2026-05-02 11:18:34,661 - [SERVER] - Risk Sunucusu 5001 portunda hazır.
2026-05-02 11:18:34,661 - [SERVER] - Oyuncuların bağlanması bekleniyor...
2026-05-02 11:18:37,018 - [SERVER] - Oyuncu 1 bağlandı: ('127.0.0.1', 63703)
2026-05-02 11:18:37,018 - [SERVER] - Oyuncu 1 dinleniyor...
2026-05-02 11:19:25,307 - [SERVER] - Risk Sunucusu 5001 portunda hazır.
2026-05-02 11:19:25,307 - [SERVER] - Oyuncuların bağlanması bekleniyor...
2026-05-02 11:19:27,618 - [SERVER] - Oyuncu 1 bağlandı: ('127.0.0.1', 63709)
2026-05-02 11:19:27,618 - [SERVER] - Oyuncu 1 dinleniyor...
2026-05-02 11:19:49,826 - [SERVER] - Risk Sunucusu 5001 portunda hazır.
2026-05-02 11:19:49,826 - [SERVER] - Oyuncuların bağlanması bekleniyor...
2026-05-02 11:19:52,121 - [SERVER] - Oyuncu 1 bağlandı: ('127.0.0.1', 63713)
2026-05-02 11:19:52,121 - [SERVER] - Oyuncu 1 dinleniyor...
2026-05-02 11:21:37,137 - [SERVER] - Risk Sunucusu 5001 portunda hazır.
2026-05-02 11:21:37,137 - [SERVER] - Oyuncuların bağlanması bekleniyor...
2026-05-02 11:21:39,898 - [SERVER] - Oyuncu 1 bağlandı: ('127.0.0.1', 63723)
2026-05-02 11:21:39,898 - [SERVER] - Oyuncu 1 dinleniyor...
2026-05-02 11:21:44,846 - [SERVER] - Oyuncu 2 bağlandı: ('127.0.0.1', 63724)
2026-05-02 11:21:44,846 - [SERVER] - Oyuncu 2 dinleniyor...
2026-05-02 11:21:44,846 - [SERVER] - İki oyuncu da hazır. Oyun başlıyor!
